[32m>[0m Building NixOS configuration
[?25l[?2026h[35;1mwarning:[0m Git tree '/home/oblivion/NixOS' is dirty
[1m⏱ 0s[0m[?2026l[?2026h[1G[2K[1m⏱ 0s[0m[?2026l[?2026h[1G[2K[1m⏱ 0s[0m[?2026l[?2026h[1G[2K[1m⏱ 0s[0m[?2026l[?2026h[1G[2K[1m⏱ 0s[0m[?2026l[?2026h[1G[2K[1m⏱ 0s[0m[?2026l[?2026h[1G[2K[1m⏱ 0s[0m[?2026l[?2026h[1G[2K[1m⏱ 0s[0m[?2026l[?2026h[1G[2K[1m⏱ 0s[0m[?2026l[?2026h[1G[2K[1m⏱ 0s[0m[?2026l[?2026h[1G[2K[1m⏱ 0s[0m[?2026l[?2026h[1G[2K[1m⏱ 0s[0m[?2026l[?2026h[1G[2K[1m⏱ 0s[0m[?2026l[?2026h[1G[2K[1m⏱ 0s[0m[?2026l[?2026h[1G[2K[1m⏱ 0s[0m[?2026l[?2026h[1G[2K[1m⏱ 0s[0m[?2026l[?2026h[1G[2K[1m⏱ 1s[0m[?2026l[?2026h[1G[2K[1m⏱ 1s[0m[?2026l[?2026h[1G[2K[1m⏱ 1s[0m[?2026l[?2026h[1G[2K[1m⏱ 1s[0m[?2026l[?2026h[1G[2K[1m⏱ 1s[0m[?2026l[?2026h[1G[2K[1m⏱ 1s[0m[?2026l[?2026h[1G[2K[1m⏱ 1s[0m[?2026l[?2026h[1G[2K[1m⏱ 1s[0m[?2026l[?2026h[1G[2K[1m⏱ 1s[0m[?2026l[?2026h[1G[2K[1m⏱ 1s[0m[?2026l[?2026h[1G[2K[1m⏱ 1s[0m[?2026l[?2026h[1G[2K[1m⏱ 1s[0m[?2026l[?2026h[1G[2K[1m⏱ 1s[0m[?2026l[?2026h[1G[2K[1m⏱ 1s[0m[?2026l[?2026h[1G[2K[1m⏱ 1s[0m[?2026l[?2026h[1G[2K[1m⏱ 2s[0m[?2026l[?2026h[1G[2K[1m⏱ 2s[0m[?2026l[?2026h[1G[2K[1m⏱ 2s[0m[?2026l[?2026h[1G[2K[1m⏱ 2s[0m[?2026l[?2026h[1G[2K[1m⏱ 2s[0m[?2026l[?2026h[1G[2K[1m⏱ 2s[0m[?2026l[?2026h[1G[2K[1m⏱ 2s[0m[?2026l[?2026h[1G[2K[1m⏱ 2s[0m[?2026l[?2026h[1G[2K[1m⏱ 2s[0m[?2026l[?2026h[1G[2K[1m⏱ 2s[0m[?2026l[?2026h[1G[2K[1m⏱ 2s[0m[?2026l[?2026h[1G[2K[1m⏱ 2s[0m[?2026l[?2026h[1G[2K[1m⏱ 2s[0m[?2026l[?2026h[1G[2K[1m⏱ 2s[0m[?2026l[?2026h[1G[2K[1m⏱ 2s[0m[?2026l[?2026h[1G[2K[1m⏱ 2s[0m[?2026l[?2026h[1G[2K[1m⏱ 3s[0m[?2026l[?2026h[1G[2K[1m⏱ 3s[0m[?2026l[?2026h[1G[2K[1m⏱ 3s[0m[?2026l[?2026h[1G[2K[1m⏱ 3s[0m[?2026l[?2026h[1G[2K[1m⏱ 3s[0m[?2026l[?2026h[1G[2K[1m⏱ 3s[0m[?2026l[?2026h[1G[2K[1m⏱ 3s[0m[?2026l[?2026h[1G[2K[1m⏱ 3s[0m[?2026l[?2026h[1G[2K[1m⏱ 3s[0m[?2026l[?2026h[1G[2K[1m⏱ 3s[0m[?2026l[?2026h[1G[2K[1m⏱ 3s[0m[?2026l[?2026h[1G[2K[1m⏱ 3s[0m[?2026l[?2026h[1G[2K[1m⏱ 3s[0m[?2026l[?2026h[1G[2K[1m⏱ 4s[0m[?2026l[?2026h[1G[2K[1m⏱ 4s[0m[?2026l[?2026h[1G[2K[1m⏱ 4s[0m[?2026l[?2026h[1G[2K[1m⏱ 4s[0m[?2026l[?2026h[1G[2K[1m⏱ 4s[0m[?2026l[?2026h[1G[2K[1m⏱ 4s[0m[?2026l[?2026h[1G[2K[1m⏱ 4s[0m[?2026l[?2026h[1G[2K[1m⏱ 4s[0m[?2026l[?2026h[1G[2K[1m⏱ 4s[0m[?2026l[?2026h[1G[2K[1m⏱ 4s[0m[?2026l[?2026h[1G[2K[1m⏱ 4s[0m[?2026l[?2026h[1G[2K[1m⏱ 4s[0m[?2026l[?2026h[1G[2K[1m⏱ 5s[0m[?2026l[?2026h[1G[2K[1m⏱ 5s[0m[?2026l[?2026h[1G[2K[1m⏱ 5s[0m[?2026l[?2026h[1G[2K[1m⏱ 5s[0m[?2026l[?2026h[1G[2K[1m⏱ 5s[0m[?2026l[?2026h[1G[2K[1m⏱ 5s[0m[?2026l[?2026h[1G[2K[1m⏱ 5s[0m[?2026l[?2026h[1G[2K[1m⏱ 5s[0m[?2026l[?2026h[1G[2K[1m⏱ 5s[0m[?2026l[?2026h[1G[2K[1m⏱ 5s[0m[?2026l[?2026h[1G[2K[1m⏱ 5s[0m[?2026l[?2026h[1G[2K[1m⏱ 5s[0m[?2026l[?2026h[1G[2K[1m⏱ 6s[0m[?2026l[?2026h[1G[2K[1m⏱ 6s[0m[?2026l[?2026h[1G[2K[1m⏱ 6s[0m[?2026l[?2026h[1G[2K[1m⏱ 6s[0m[?2026l[?2026h[1G[2K[1m⏱ 6s[0m[?2026l[?2026h[1G[2K[1m⏱ 6s[0m[?2026l[?2026h[1G[2K[1m⏱ 6s[0m[?2026l[?2026h[1G[2K[1m⏱ 6s[0m[?2026l[?2026h[1G[2K[1m⏱ 6s[0m[?2026l[?2026h[1G[2K[1m⏱ 7s[0m[?2026l[?2026h[1G[2K[1m⏱ 7s[0m[?2026l[?2026h[1G[2K[1m⏱ 7s[0m[?2026l[?2026h[1G[2K[1m⏱ 7s[0m[?2026l[?2026h[1G[2K[1m⏱ 7s[0m[?2026l[?2026h[1G[2K[1m⏱ 7s[0m[?2026l[?2026h[1G[2K[1m⏱ 7s[0m[?2026l[?2026h[1G[2K[1m⏱ 7s[0m[?2026l[?2026h[1G[2K[1m⏱ 7s[0m[?2026l[?2026h[1G[2K[1m⏱ 7s[0m[?2026l[?2026h[1G[2K[1m⏱ 7s[0m[?2026l[?2026h[1G[2K[1m⏱ 8s[0m[?2026l[?2026h[1G[2K[1m⏱ 8s[0m[?2026l[?2026h[1G[2K[1m⏱ 8s[0m[?2026l[?2026h[1G[2K[1m⏱ 8s[0m[?2026l[?2026h[1G[2K[1m⏱ 8s[0m[?2026l[?2026h[1G[2K[1m⏱ 8s[0m[?2026l[?2026h[1G[2K[1m⏱ 8s[0m[?2026l[?2026h[1G[2K[1m⏱ 8s[0m[?2026l[?2026h[1G[2K[1m⏱ 8s[0m[?2026l[?2026h[1G[2K[1m⏱ 8s[0m[?2026l[?2026h[1G[2K[1m⏱ 8s[0m[?2026l[?2026h[1G[2K[1m⏱ 8s[0m[?2026l[?2026h[1G[2K[1m⏱ 8s[0m[?2026l[?2026h[1G[2K[31;1merror:[0m
       … while calling the '[35;1mderivationStrict[0m' builtin
         [34;1mat [35;1m«nix-internal»/derivation-internal.nix:37:12[0m:
           36|
           37|   strict = derivationStrict drvAttrs;
             |            [31;1m^[0m
           38|

       … while evaluating derivation '[35;1mnixos-system-macbook-26.05.20260414.4bd9165[0m'
         whose name attribute is located at [35;1m/nix/store/0d1kf07ph2ply64i1y247f9q2an9cw00-source/pkgs/stdenv/generic/make-derivation.nix:541:11[0m

       … while evaluating attribute '[35;1mbuildCommand[0m' of derivation '[35;1mnixos-system-macbook-26.05.20260414.4bd9165[0m'
         [34;1mat [35;1m/nix/store/0d1kf07ph2ply64i1y247f9q2an9cw00-source/nixos/modules/system/activation/top-level.nix:64:7[0m:
           63|       passAsFile = [ "extraDependencies" ];
           64|       buildCommand = systemBuilder;
             |       [31;1m^[0m
           65|

       … while calling the '[35;1mgetAttr[0m' builtin
         [34;1mat [35;1m«nix-internal»/derivation-internal.nix:50:17[0m:
           49|     value = commonAttrs // {
           50|       outPath = builtins.getAttr outputName strict;
             |                 [31;1m^[0m
           51|       drvPath = strict.drvPath;

       … while calling the '[35;1mderivationStrict[0m' builtin
         [34;1mat [35;1m«nix-internal»/derivation-internal.nix:37:12[0m:
           36|
           37|   strict = derivationStrict drvAttrs;
             |            [31;1m^[0m
           38|

       … while evaluating derivation '[35;1metc[0m'
         whose name attribute is located at [35;1m/nix/store/0d1kf07ph2ply64i1y247f9q2an9cw00-source/pkgs/stdenv/generic/make-derivation.nix:541:11[0m

       … while evaluating attribute '[35;1mbuildCommand[0m' of derivation '[35;1metc[0m'
         [34;1mat [35;1m/nix/store/0d1kf07ph2ply64i1y247f9q2an9cw00-source/pkgs/build-support/trivial-builders/default.nix:80:17[0m:
           79|         enableParallelBuilding = true;
           80|         inherit buildCommand name;
             |                 [31;1m^[0m
           81|         passAsFile = [ "buildCommand" ] ++ (derivationArgs.passAsFile or [ ]);

       … from call site
         [34;1mat [35;1m/nix/store/0d1kf07ph2ply64i1y247f9q2an9cw00-source/nixos/modules/system/etc/etc.nix:56:11[0m:
           55|         mkdir -p "$out/etc"
           56|         ${lib.concatMapStringsSep "\n" (
             |           [31;1m^[0m
           57|           etcEntry:

       … while calling [35;1m'concatMapStringsSep'[0m
         [34;1mat [35;1m/nix/store/0d1kf07ph2ply64i1y247f9q2an9cw00-source/lib/strings.nix:262:13[0m:
          261|   concatMapStringsSep =
          262|     sep: f: list:
             |             [31;1m^[0m
          263|     concatStringsSep sep (map f list);

       … while calling the '[35;1mconcatStringsSep[0m' builtin
         [34;1mat [35;1m/nix/store/0d1kf07ph2ply64i1y247f9q2an9cw00-source/lib/strings.nix:263:5[0m:
          262|     sep: f: list:
          263|     concatStringsSep sep (map f list);
             |     [31;1m^[0m
          264|

       … while calling [35;1manonymous lambda[0m
         [34;1mat [35;1m/nix/store/0d1kf07ph2ply64i1y247f9q2an9cw00-source/nixos/modules/system/etc/etc.nix:57:11[0m:
           56|         ${lib.concatMapStringsSep "\n" (
           57|           etcEntry:
             |           [31;1m^[0m
           58|           lib.escapeShellArgs [

       … from call site
         [34;1mat [35;1m/nix/store/0d1kf07ph2ply64i1y247f9q2an9cw00-source/nixos/modules/system/etc/etc.nix:58:11[0m:
           57|           etcEntry:
           58|           lib.escapeShellArgs [
             |           [31;1m^[0m
           59|             "makeEtcEntry"

       … while calling [35;1m'concatMapStringsSep'[0m
         [34;1mat [35;1m/nix/store/0d1kf07ph2ply64i1y247f9q2an9cw00-source/lib/strings.nix:262:13[0m:
          261|   concatMapStringsSep =
          262|     sep: f: list:
             |             [31;1m^[0m
          263|     concatStringsSep sep (map f list);

       … while calling the '[35;1mconcatStringsSep[0m' builtin
         [34;1mat [35;1m/nix/store/0d1kf07ph2ply64i1y247f9q2an9cw00-source/lib/strings.nix:263:5[0m:
          262|     sep: f: list:
          263|     concatStringsSep sep (map f list);
             |     [31;1m^[0m
          264|

       … while calling [35;1m'escapeShellArg'[0m
         [34;1mat [35;1m/nix/store/0d1kf07ph2ply64i1y247f9q2an9cw00-source/lib/strings.nix:1202:5[0m:
         1201|   escapeShellArg =
         1202|     arg:
             |     [31;1m^[0m
         1203|     let

       … while evaluating a branch condition
         [34;1mat [35;1m/nix/store/0d1kf07ph2ply64i1y247f9q2an9cw00-source/lib/strings.nix:1206:5[0m:
         1205|     in
         1206|     if match "[[:alnum:],._+:@%/-]+" string == null then
             |     [31;1m^[0m
         1207|       "'${replaceString "'" "'\\''" string}'"

       … while calling the '[35;1mmatch[0m' builtin
         [34;1mat [35;1m/nix/store/0d1kf07ph2ply64i1y247f9q2an9cw00-source/lib/strings.nix:1206:8[0m:
         1205|     in
         1206|     if match "[[:alnum:],._+:@%/-]+" string == null then
             |        [31;1m^[0m
         1207|       "'${replaceString "'" "'\\''" string}'"

       … while evaluating the second argument passed to builtins.match

       … while calling the '[35;1mtoString[0m' builtin
         [34;1mat [35;1m/nix/store/0d1kf07ph2ply64i1y247f9q2an9cw00-source/lib/strings.nix:1204:16[0m:
         1203|     let
         1204|       string = toString arg;
             |                [31;1m^[0m
         1205|     in

       … from call site
         [34;1mat [35;1m/nix/store/0d1kf07ph2ply64i1y247f9q2an9cw00-source/nixos/modules/system/etc/etc.nix:61:16[0m:
           60|             # Force local source paths to be added to the store
           61|             "${etcEntry.source}"
             |                [31;1m^[0m
           62|             etcEntry.target

       … while calling [35;1manonymous lambda[0m
         [34;1mat [35;1m/nix/store/0d1kf07ph2ply64i1y247f9q2an9cw00-source/lib/attrsets.nix:1187:17[0m:
         1186|         mapAttrs (
         1187|           name: value:
             |                 [31;1m^[0m
         1188|           if isAttrs value && cond value then recurse (path ++ [ name ]) value else f (path ++ [ name ]) value

       … from call site
         [34;1mat [35;1m/nix/store/0d1kf07ph2ply64i1y247f9q2an9cw00-source/lib/attrsets.nix:1188:85[0m:
         1187|           name: value:
         1188|           if isAttrs value && cond value then recurse (path ++ [ name ]) value else f (path ++ [ name ]) value
             |                                                                                     [31;1m^[0m
         1189|         );

       … while calling [35;1manonymous lambda[0m
         [34;1mat [35;1m/nix/store/0d1kf07ph2ply64i1y247f9q2an9cw00-source/lib/modules.nix:283:71[0m:
          282|           # For definitions that have an associated option
          283|           declaredConfig = mapAttrsRecursiveCond (v: !isOption v) (_: v: v.value) options;
             |                                                                       [31;1m^[0m
          284|

       … while evaluating the attribute '[35;1mvalue[0m'
         [34;1mat [35;1m/nix/store/0d1kf07ph2ply64i1y247f9q2an9cw00-source/lib/modules.nix:1159:7[0m:
         1158|     // {
         1159|       value = addErrorContext "while evaluating the option `${showOption loc}':" value;
             |       [31;1m^[0m
         1160|       inherit (res.defsFinal') highestPrio;

       … while evaluating the option `environment.etc.dbus-1.source':

       … while evaluating the attribute '[35;1mmergedValue[0m'
         [34;1mat [35;1m/nix/store/0d1kf07ph2ply64i1y247f9q2an9cw00-source/lib/modules.nix:1256:5[0m:
         1255|     # Type-check the remaining definitions, and merge them. Or throw if no definitions.
         1256|     mergedValue =
             |     [31;1m^[0m
         1257|       if isDefined then

       … while evaluating a branch condition
         [34;1mat [35;1m/nix/store/0d1kf07ph2ply64i1y247f9q2an9cw00-source/lib/modules.nix:1265:14[0m:
         1264|             checkedAndMerged.value
         1265|         else if all (def: type.check def.value) defsFinal then
             |              [31;1m^[0m
         1266|           type.merge loc defsFinal

       … while calling the '[35;1mall[0m' builtin
         [34;1mat [35;1m/nix/store/0d1kf07ph2ply64i1y247f9q2an9cw00-source/lib/modules.nix:1265:17[0m:
         1264|             checkedAndMerged.value
         1265|         else if all (def: type.check def.value) defsFinal then
             |                 [31;1m^[0m
         1266|           type.merge loc defsFinal

       … while calling [35;1manonymous lambda[0m
         [34;1mat [35;1m/nix/store/0d1kf07ph2ply64i1y247f9q2an9cw00-source/lib/modules.nix:1265:22[0m:
         1264|             checkedAndMerged.value
         1265|         else if all (def: type.check def.value) defsFinal then
             |                      [31;1m^[0m
         1266|           type.merge loc defsFinal

       … from call site
         [34;1mat [35;1m/nix/store/0d1kf07ph2ply64i1y247f9q2an9cw00-source/lib/modules.nix:1265:27[0m:
         1264|             checkedAndMerged.value
         1265|         else if all (def: type.check def.value) defsFinal then
             |                           [31;1m^[0m
         1266|           type.merge loc defsFinal

       … while calling [35;1m'check'[0m
         [34;1mat [35;1m/nix/store/0d1kf07ph2ply64i1y247f9q2an9cw00-source/lib/types.nix:715:11[0m:
          714|         check =
          715|           x:
             |           [31;1m^[0m
          716|           let

       … in the right operand of the AND (&&) operator
         [34;1mat [35;1m/nix/store/0d1kf07ph2ply64i1y247f9q2an9cw00-source/lib/types.nix:732:11[0m:
          731|           && (inStore == null || inStore == isInStore)
          732|           && (absolute == null || absolute == isAbsolute);
             |           [31;1m^[0m
          733|       };

       … in the right operand of the OR (||) operator
         [34;1mat [35;1m/nix/store/0d1kf07ph2ply64i1y247f9q2an9cw00-source/lib/types.nix:732:32[0m:
          731|           && (inStore == null || inStore == isInStore)
          732|           && (absolute == null || absolute == isAbsolute);
             |                                [31;1m^[0m
          733|       };

       … while calling the '[35;1msubstring[0m' builtin
         [34;1mat [35;1m/nix/store/0d1kf07ph2ply64i1y247f9q2an9cw00-source/lib/types.nix:725:26[0m:
          724|             );
          725|             isAbsolute = builtins.substring 0 1 (toString x) == "/";
             |                          [31;1m^[0m
          726|             isExpectedType = (

       … while calling the '[35;1mtoString[0m' builtin
         [34;1mat [35;1m/nix/store/0d1kf07ph2ply64i1y247f9q2an9cw00-source/lib/types.nix:725:50[0m:
          724|             );
          725|             isAbsolute = builtins.substring 0 1 (toString x) == "/";
             |                                                  [31;1m^[0m
          726|             isExpectedType = (

       … while calling the '[35;1mgetAttr[0m' builtin
         [34;1mat [35;1m«nix-internal»/derivation-internal.nix:50:17[0m:
           49|     value = commonAttrs // {
           50|       outPath = builtins.getAttr outputName strict;
             |                 [31;1m^[0m
           51|       drvPath = strict.drvPath;

       … while calling the '[35;1mderivationStrict[0m' builtin
         [34;1mat [35;1m«nix-internal»/derivation-internal.nix:37:12[0m:
           36|
           37|   strict = derivationStrict drvAttrs;
             |            [31;1m^[0m
           38|

       … while evaluating derivation '[35;1mdbus-1[0m'
         whose name attribute is located at [35;1m/nix/store/0d1kf07ph2ply64i1y247f9q2an9cw00-source/pkgs/stdenv/generic/make-derivation.nix:541:11[0m

       … while evaluating attribute '[35;1mserviceDirectories[0m' of derivation '[35;1mdbus-1[0m'
         [34;1mat [35;1m/nix/store/0d1kf07ph2ply64i1y247f9q2an9cw00-source/pkgs/by-name/ma/makeDBusConf/package.nix:19:13[0m:
           18|   {
           19|     inherit serviceDirectories suidHelper apparmor;
             |             [31;1m^[0m
           20|     preferLocalBuild = true;

       … while calling [35;1manonymous lambda[0m
         [34;1mat [35;1m/nix/store/0d1kf07ph2ply64i1y247f9q2an9cw00-source/lib/types.nix:773:26[0m:
          772|             headError = checkDefsForError check loc defs;
          773|             value = map (x: x.optionalValue.value or x.mergedValue) evals;
             |                          [31;1m^[0m
          774|             valueMeta.list = map (v: v.checkedAndMerged.valueMeta) evals;

       … while evaluating the attribute '[35;1moptionalValue.value[0m'
         [34;1mat [35;1m/nix/store/0d1kf07ph2ply64i1y247f9q2an9cw00-source/lib/modules.nix:1322:41[0m:
         1321|
         1322|     optionalValue = if isDefined then { value = mergedValue; } else { };
             |                                         [31;1m^[0m
         1323|   };

       [35;1m(11 duplicate frames omitted)[0m

       … while evaluating derivation '[35;1msystem-path[0m'
         whose name attribute is located at [35;1m/nix/store/0d1kf07ph2ply64i1y247f9q2an9cw00-source/pkgs/stdenv/generic/make-derivation.nix:541:11[0m

       … while evaluating attribute '[35;1mpassAsFile[0m' of derivation '[35;1msystem-path[0m'
         [34;1mat [35;1m/nix/store/0d1kf07ph2ply64i1y247f9q2an9cw00-source/pkgs/build-support/trivial-builders/default.nix:81:9[0m:
           80|         inherit buildCommand name;
           81|         passAsFile = [ "buildCommand" ] ++ (derivationArgs.passAsFile or [ ]);
             |         [31;1m^[0m
           82|       }

       … while evaluating the attribute '[35;1mpassAsFile[0m'
         [34;1mat [35;1m/nix/store/0d1kf07ph2ply64i1y247f9q2an9cw00-source/pkgs/build-support/buildenv/default.nix:116:9[0m:
          115|         # XXX: The size is somewhat arbitrary
          116|         passAsFile = if builtins.stringLength pkgs >= 128 * 1024 then [ "pkgs" ] else [ ];
             |         [31;1m^[0m
          117|       }

       … while evaluating a branch condition
         [34;1mat [35;1m/nix/store/0d1kf07ph2ply64i1y247f9q2an9cw00-source/pkgs/build-support/buildenv/default.nix:116:22[0m:
          115|         # XXX: The size is somewhat arbitrary
          116|         passAsFile = if builtins.stringLength pkgs >= 128 * 1024 then [ "pkgs" ] else [ ];
             |                      [31;1m^[0m
          117|       }

       … in the argument of the not operator
         [34;1mat [35;1m/nix/store/0d1kf07ph2ply64i1y247f9q2an9cw00-source/pkgs/build-support/buildenv/default.nix:116:52[0m:
          115|         # XXX: The size is somewhat arbitrary
          116|         passAsFile = if builtins.stringLength pkgs >= 128 * 1024 then [ "pkgs" ] else [ ];
             |                                                    [31;1m^[0m
          117|       }

       … while calling the '[35;1mlessThan[0m' builtin
         [34;1mat [35;1m/nix/store/0d1kf07ph2ply64i1y247f9q2an9cw00-source/pkgs/build-support/buildenv/default.nix:116:52[0m:
          115|         # XXX: The size is somewhat arbitrary
          116|         passAsFile = if builtins.stringLength pkgs >= 128 * 1024 then [ "pkgs" ] else [ ];
             |                                                    [31;1m^[0m
          117|       }

       … while calling the '[35;1mstringLength[0m' builtin
         [34;1mat [35;1m/nix/store/0d1kf07ph2ply64i1y247f9q2an9cw00-source/pkgs/build-support/buildenv/default.nix:116:25[0m:
          115|         # XXX: The size is somewhat arbitrary
          116|         passAsFile = if builtins.stringLength pkgs >= 128 * 1024 then [ "pkgs" ] else [ ];
             |                         [31;1m^[0m
          117|       }

       … while calling the '[35;1mtoJSON[0m' builtin
         [34;1mat [35;1m/nix/store/0d1kf07ph2ply64i1y247f9q2an9cw00-source/pkgs/build-support/buildenv/default.nix:111:16[0m:
          110|         pathsToLinkJSON = builtins.toJSON pathsToLink;
          111|         pkgs = builtins.toJSON chosenOutputs;
             |                [31;1m^[0m
          112|         extraPathsFrom = lib.optional includeClosures (writeClosure pathsForClosure);

       … while evaluating list element at index [35;1m46[0m

       … while evaluating attribute '[35;1mpaths[0m'
         [34;1mat [35;1m/nix/store/0d1kf07ph2ply64i1y247f9q2an9cw00-source/pkgs/build-support/buildenv/default.nix:70:7[0m:
           69|     chosenOutputs = map (drv: {
           70|       paths =
             |       [31;1m^[0m
           71|         # First add the usual output(s): respect if user has chosen explicitly,

       … while evaluating list element at index [35;1m0[0m
         [34;1mat [35;1m/nix/store/0d1kf07ph2ply64i1y247f9q2an9cw00-source/pkgs/build-support/buildenv/default.nix:70:7[0m:
           69|     chosenOutputs = map (drv: {
           70|       paths =
             |       [31;1m^[0m
           71|         # First add the usual output(s): respect if user has chosen explicitly,

       … while calling the '[35;1mgetAttr[0m' builtin
         [34;1mat [35;1m«nix-internal»/derivation-internal.nix:50:17[0m:
           49|     value = commonAttrs // {
           50|       outPath = builtins.getAttr outputName strict;
             |                 [31;1m^[0m
           51|       drvPath = strict.drvPath;

       … while calling the '[35;1mderivationStrict[0m' builtin
         [34;1mat [35;1m«nix-internal»/derivation-internal.nix:37:12[0m:
           36|
           37|   strict = derivationStrict drvAttrs;
             |            [31;1m^[0m
           38|

       … while evaluating derivation '[35;1mheroic-2.20.1[0m'
         whose name attribute is located at [35;1m/nix/store/0d1kf07ph2ply64i1y247f9q2an9cw00-source/pkgs/stdenv/generic/make-derivation.nix:541:11[0m

       … while evaluating attribute '[35;1mbuildCommand[0m' of derivation '[35;1mheroic-2.20.1[0m'
         [34;1mat [35;1m/nix/store/0d1kf07ph2ply64i1y247f9q2an9cw00-source/pkgs/build-support/trivial-builders/default.nix:80:17[0m:
           79|         enableParallelBuilding = true;
           80|         inherit buildCommand name;
             |                 [31;1m^[0m
           81|         passAsFile = [ "buildCommand" ] ++ (derivationArgs.passAsFile or [ ]);

       … while calling the '[35;1mgetAttr[0m' builtin
         [34;1mat [35;1m«nix-internal»/derivation-internal.nix:50:17[0m:
           49|     value = commonAttrs // {
           50|       outPath = builtins.getAttr outputName strict;
             |                 [31;1m^[0m
           51|       drvPath = strict.drvPath;

       … while calling the '[35;1mderivationStrict[0m' builtin
         [34;1mat [35;1m«nix-internal»/derivation-internal.nix:37:12[0m:
           36|
           37|   strict = derivationStrict drvAttrs;
             |            [31;1m^[0m
           38|

       … while evaluating derivation '[35;1mheroic-2.20.1-bwrap[0m'
         whose name attribute is located at [35;1m/nix/store/0d1kf07ph2ply64i1y247f9q2an9cw00-source/pkgs/stdenv/generic/make-derivation.nix:541:11[0m

       … while evaluating attribute '[35;1mtext[0m' of derivation '[35;1mheroic-2.20.1-bwrap[0m'
         [34;1mat [35;1m/nix/store/0d1kf07ph2ply64i1y247f9q2an9cw00-source/pkgs/build-support/trivial-builders/default.nix:128:13[0m:
          127|           inherit
          128|             text
             |             [31;1m^[0m
          129|             executable

       … from call site
         [34;1mat [35;1m/nix/store/0d1kf07ph2ply64i1y247f9q2an9cw00-source/pkgs/build-support/build-fhsenv-bubblewrap/default.nix:326:43[0m:
          325|
          326|   bin = writeShellScript "${name}-bwrap" (bwrapCmd {
             |                                           [31;1m^[0m
          327|     initArgs = ''"$@"'';

       … while calling [35;1m'bwrapCmd'[0m
         [34;1mat [35;1m/nix/store/0d1kf07ph2ply64i1y247f9q2an9cw00-source/pkgs/build-support/build-fhsenv-bubblewrap/default.nix:175:5[0m:
          174|   bwrapCmd =
          175|     {
             |     [31;1m^[0m
          176|       initArgs ? "",

       … while calling the '[35;1mgetAttr[0m' builtin
         [34;1mat [35;1m«nix-internal»/derivation-internal.nix:50:17[0m:
           49|     value = commonAttrs // {
           50|       outPath = builtins.getAttr outputName strict;
             |                 [31;1m^[0m
           51|       drvPath = strict.drvPath;

       … while calling the '[35;1mderivationStrict[0m' builtin
         [34;1mat [35;1m«nix-internal»/derivation-internal.nix:37:12[0m:
           36|
           37|   strict = derivationStrict drvAttrs;
             |            [31;1m^[0m
           38|

       … while evaluating derivation '[35;1mheroic-2.20.1-fhsenv-rootfs[0m'
         whose name attribute is located at [35;1m/nix/store/0d1kf07ph2ply64i1y247f9q2an9cw00-source/pkgs/stdenv/generic/make-derivation.nix:541:11[0m

       … while evaluating attribute '[35;1mexportReferencesGraph[0m' of derivation '[35;1mheroic-2.20.1-fhsenv-rootfs[0m'
         [34;1mat [35;1m/nix/store/0d1kf07ph2ply64i1y247f9q2an9cw00-source/pkgs/build-support/build-fhsenv-bubblewrap/buildFHSEnv.nix:223:9[0m:
          222|         __structuredAttrs = true;
          223|         exportReferencesGraph.graph = lib.concatMap (p: p.paths) allPaths;
             |         [31;1m^[0m
          224|         inherit

       … while evaluating attribute '[35;1mgraph[0m'
         [34;1mat [35;1m/nix/store/0d1kf07ph2ply64i1y247f9q2an9cw00-source/pkgs/build-support/build-fhsenv-bubblewrap/buildFHSEnv.nix:223:9[0m:
          222|         __structuredAttrs = true;
          223|         exportReferencesGraph.graph = lib.concatMap (p: p.paths) allPaths;
             |         [31;1m^[0m
          224|         inherit

       … while evaluating list element at index [35;1m61[0m
         [34;1mat [35;1m/nix/store/0d1kf07ph2ply64i1y247f9q2an9cw00-source/pkgs/build-support/build-fhsenv-bubblewrap/buildFHSEnv.nix:223:9[0m:
          222|         __structuredAttrs = true;
          223|         exportReferencesGraph.graph = lib.concatMap (p: p.paths) allPaths;
             |         [31;1m^[0m
          224|         inherit

       … while calling the '[35;1mgetAttr[0m' builtin
         [34;1mat [35;1m«nix-internal»/derivation-internal.nix:50:17[0m:
           49|     value = commonAttrs // {
           50|       outPath = builtins.getAttr outputName strict;
             |                 [31;1m^[0m
           51|       drvPath = strict.drvPath;

       … while calling the '[35;1mderivationStrict[0m' builtin
         [34;1mat [35;1m«nix-internal»/derivation-internal.nix:37:12[0m:
           36|
           37|   strict = derivationStrict drvAttrs;
             |            [31;1m^[0m
           38|

       … while evaluating derivation '[35;1mglibc-multi-2.42-51[0m'
         whose name attribute is located at [35;1m/nix/store/0d1kf07ph2ply64i1y247f9q2an9cw00-source/pkgs/stdenv/generic/make-derivation.nix:541:11[0m

       … while evaluating attribute '[35;1mbuildCommand[0m' of derivation '[35;1mglibc-multi-2.42-51[0m'
         [34;1mat [35;1m/nix/store/0d1kf07ph2ply64i1y247f9q2an9cw00-source/pkgs/build-support/trivial-builders/default.nix:80:17[0m:
           79|         enableParallelBuilding = true;
           80|         inherit buildCommand name;
             |                 [31;1m^[0m
           81|         passAsFile = [ "buildCommand" ] ++ (derivationArgs.passAsFile or [ ]);

       … while calling the '[35;1mthrow[0m' builtin
         [34;1mat [35;1m/nix/store/0d1kf07ph2ply64i1y247f9q2an9cw00-source/pkgs/top-level/stage.nix:257:9[0m:
          256|       else
          257|         throw "i686 Linux package set can only be used with the x86 family.";
             |         [31;1m^[0m
          258|

       [31;1merror:[0m i686 Linux package set can only be used with the x86 family.
┏━[1;31m 1 Errors: [0m
┃ [31;1merror:[0m
┃        … while calling the '[35;1mderivationStrict[0m' builtin
┃          [34;1mat [35;1m«nix-internal»/derivation-internal.nix:37:12[0m:
┃            36|
┃            37|   strict = derivationStrict drvAttrs;
┃              |            [31;1m^[0m
┃            38|
┃ 
┃        … while evaluating derivation '[35;1mnixos-system-macbook-26.05.20260414.4bd9165[0m'
┃          whose name attribute is located at [35;1m/nix/store/0d1kf07ph2ply64i1y247f9q2an9cw00-source/pkgs/stdenv/generic/make-derivation.nix:541:11[0m
┃ 
┃        … while evaluating attribute '[35;1mbuildCommand[0m' of derivation '[35;1mnixos-system-macbook-26.05.20260414.4bd9165[0m'
┃          [34;1mat [35;1m/nix/store/0d1kf07ph2ply64i1y247f9q2an9cw00-source/nixos/modules/system/activation/top-level.nix:64:7[0m:
┃            63|       passAsFile = [ "extraDependencies" ];
┃            64|       buildCommand = systemBuilder;
┃              |       [31;1m^[0m
┃            65|
┃ 
┃        … while calling the '[35;1mgetAttr[0m' builtin
┃          [34;1mat [35;1m«nix-internal»/derivation-internal.nix:50:17[0m:
┃            49|     value = commonAttrs // {
┃            50|       outPath = builtins.getAttr outputName strict;
┃              |                 [31;1m^[0m
┃            51|       drvPath = strict.drvPath;
┃ 
┃        … while calling the '[35;1mderivationStrict[0m' builtin
┃          [34;1mat [35;1m«nix-internal»/derivation-internal.nix:37:12[0m:
┃            36|
┃            37|   strict = derivationStrict drvAttrs;
┃              |            [31;1m^[0m
┃            38|
┃ 
┃        … while evaluating derivation '[35;1metc[0m'
┃          whose name attribute is located at [35;1m/nix/store/0d1kf07ph2ply64i1y247f9q2an9cw00-source/pkgs/stdenv/generic/make-derivation.nix:541:11[0m
┃ 
┃        … while evaluating attribute '[35;1mbuildCommand[0m' of derivation '[35;1metc[0m'
┃          [34;1mat [35;1m/nix/store/0d1kf07ph2ply64i1y247f9q2an9cw00-source/pkgs/build-support/trivial-builders/default.nix:80:17[0m:
┃            79|         enableParallelBuilding = true;
┃            80|         inherit buildCommand name;
┃              |                 [31;1m^[0m
┃            81|         passAsFile = [ "buildCommand" ] ++ (derivationArgs.passAsFile or [ ]);
┃ 
┃        … from call site
┃          [34;1mat [35;1m/nix/store/0d1kf07ph2ply64i1y247f9q2an9cw00-source/nixos/modules/system/etc/etc.nix:56:11[0m:
┃            55|         mkdir -p "$out/etc"
┃            56|         ${lib.concatMapStringsSep "\n" (
┃              |           [31;1m^[0m
┃            57|           etcEntry:
┃ 
┃        … while calling [35;1m'concatMapStringsSep'[0m
┃          [34;1mat [35;1m/nix/store/0d1kf07ph2ply64i1y247f9q2an9cw00-source/lib/strings.nix:262:13[0m:
┃           261|   concatMapStringsSep =
┃           262|     sep: f: list:
┃              |             [31;1m^[0m
┃           263|     concatStringsSep sep (map f list);
┃ 
┃        … while calling the '[35;1mconcatStringsSep[0m' builtin
┃          [34;1mat [35;1m/nix/store/0d1kf07ph2ply64i1y247f9q2an9cw00-source/lib/strings.nix:263:5[0m:
┃           262|     sep: f: list:
┃           263|     concatStringsSep sep (map f list);
┃              |     [31;1m^[0m
┃           264|
┃ 
┃        … while calling [35;1manonymous lambda[0m
┃          [34;1mat [35;1m/nix/store/0d1kf07ph2ply64i1y247f9q2an9cw00-source/nixos/modules/system/etc/etc.nix:57:11[0m:
┃            56|         ${lib.concatMapStringsSep "\n" (
┃            57|           etcEntry:
┃              |           [31;1m^[0m
┃            58|           lib.escapeShellArgs [
┃ 
┃        … from call site
┃          [34;1mat [35;1m/nix/store/0d1kf07ph2ply64i1y247f9q2an9cw00-source/nixos/modules/system/etc/etc.nix:58:11[0m:
┃            57|           etcEntry:
┃            58|           lib.escapeShellArgs [
┃              |           [31;1m^[0m
┃            59|             "makeEtcEntry"
┃ 
┃        … while calling [35;1m'concatMapStringsSep'[0m
┃          [34;1mat [35;1m/nix/store/0d1kf07ph2ply64i1y247f9q2an9cw00-source/lib/strings.nix:262:13[0m:
┃           261|   concatMapStringsSep =
┃           262|     sep: f: list:
┃              |             [31;1m^[0m
┃           263|     concatStringsSep sep (map f list);
┃ 
┃        … while calling the '[35;1mconcatStringsSep[0m' builtin
┃          [34;1mat [35;1m/nix/store/0d1kf07ph2ply64i1y247f9q2an9cw00-source/lib/strings.nix:263:5[0m:
┃           262|     sep: f: list:
┃           263|     concatStringsSep sep (map f list);
┃              |     [31;1m^[0m
┃           264|
┃ 
┃        … while calling [35;1m'escapeShellArg'[0m
┃          [34;1mat [35;1m/nix/store/0d1kf07ph2ply64i1y247f9q2an9cw00-source/lib/strings.nix:1202:5[0m:
┃          1201|   escapeShellArg =
┃          1202|     arg:
┃              |     [31;1m^[0m
┃          1203|     let
┃ 
┃        … while evaluating a branch condition
┃          [34;1mat [35;1m/nix/store/0d1kf07ph2ply64i1y247f9q2an9cw00-source/lib/strings.nix:1206:5[0m:
┃          1205|     in
┃          1206|     if match "[[:alnum:],._+:@%/-]+" string == null then
┃              |     [31;1m^[0m
┃          1207|       "'${replaceString "'" "'\\''" string}'"
┃ 
┃        … while calling the '[35;1mmatch[0m' builtin
┃          [34;1mat [35;1m/nix/store/0d1kf07ph2ply64i1y247f9q2an9cw00-source/lib/strings.nix:1206:8[0m:
┃          1205|     in
┃          1206|     if match "[[:alnum:],._+:@%/-]+" string == null then
┃              |        [31;1m^[0m
┃          1207|       "'${replaceString "'" "'\\''" string}'"
┃ 
┃        … while evaluating the second argument passed to builtins.match
┃ 
┃        … while calling the '[35;1mtoString[0m' builtin
┃          [34;1mat [35;1m/nix/store/0d1kf07ph2ply64i1y247f9q2an9cw00-source/lib/strings.nix:1204:16[0m:
┃          1203|     let
┃          1204|       string = toString arg;
┃              |                [31;1m^[0m
┃          1205|     in
┃ 
┃        … from call site
┃          [34;1mat [35;1m/nix/store/0d1kf07ph2ply64i1y247f9q2an9cw00-source/nixos/modules/system/etc/etc.nix:61:16[0m:
┃            60|             # Force local source paths to be added to the store
┃            61|             "${etcEntry.source}"
┃              |                [31;1m^[0m
┃            62|             etcEntry.target
┃ 
┃        … while calling [35;1manonymous lambda[0m
┃          [34;1mat [35;1m/nix/store/0d1kf07ph2ply64i1y247f9q2an9cw00-source/lib/attrsets.nix:1187:17[0m:
┃          1186|         mapAttrs (
┃          1187|           name: value:
┃              |                 [31;1m^[0m
┃          1188|           if isAttrs value && cond value then recurse (path ++ [ name ]) value else f (path ++ [ name ]) value
┃ 
┃        … from call site
┃          [34;1mat [35;1m/nix/store/0d1kf07ph2ply64i1y247f9q2an9cw00-source/lib/attrsets.nix:1188:85[0m:
┃          1187|           name: value:
┃          1188|           if isAttrs value && cond value then recurse (path ++ [ name ]) value else f (path ++ [ name ]) value
┃              |                                                                                     [31;1m^[0m
┃          1189|         );
┃ 
┃        … while calling [35;1manonymous lambda[0m
┃          [34;1mat [35;1m/nix/store/0d1kf07ph2ply64i1y247f9q2an9cw00-source/lib/modules.nix:283:71[0m:
┃           282|           # For definitions that have an associated option
┃           283|           declaredConfig = mapAttrsRecursiveCond (v: !isOption v) (_: v: v.value) options;
┃              |                                                                       [31;1m^[0m
┃           284|
┃ 
┃        … while evaluating the attribute '[35;1mvalue[0m'
┃          [34;1mat [35;1m/nix/store/0d1kf07ph2ply64i1y247f9q2an9cw00-source/lib/modules.nix:1159:7[0m:
┃          1158|     // {
┃          1159|       value = addErrorContext "while evaluating the option `${showOption loc}':" value;
┃              |       [31;1m^[0m
┃          1160|       inherit (res.defsFinal') highestPrio;
┃ 
┃        … while evaluating the option `environment.etc.dbus-1.source':
┃ 
┃        … while evaluating the attribute '[35;1mmergedValue[0m'
┃          [34;1mat [35;1m/nix/store/0d1kf07ph2ply64i1y247f9q2an9cw00-source/lib/modules.nix:1256:5[0m:
┃          1255|     # Type-check the remaining definitions, and merge them. Or throw if no definitions.
┃          1256|     mergedValue =
┃              |     [31;1m^[0m
┃          1257|       if isDefined then
┃ 
┃        … while evaluating a branch condition
┃          [34;1mat [35;1m/nix/store/0d1kf07ph2ply64i1y247f9q2an9cw00-source/lib/modules.nix:1265:14[0m:
┃          1264|             checkedAndMerged.value
┃          1265|         else if all (def: type.check def.value) defsFinal then
┃              |              [31;1m^[0m
┃          1266|           type.merge loc defsFinal
┃ 
┃        … while calling the '[35;1mall[0m' builtin
┃          [34;1mat [35;1m/nix/store/0d1kf07ph2ply64i1y247f9q2an9cw00-source/lib/modules.nix:1265:17[0m:
┃          1264|             checkedAndMerged.value
┃          1265|         else if all (def: type.check def.value) defsFinal then
┃              |                 [31;1m^[0m
┃          1266|           type.merge loc defsFinal
┃ 
┃        … while calling [35;1manonymous lambda[0m
┃          [34;1mat [35;1m/nix/store/0d1kf07ph2ply64i1y247f9q2an9cw00-source/lib/modules.nix:1265:22[0m:
┃          1264|             checkedAndMerged.value
┃          1265|         else if all (def: type.check def.value) defsFinal then
┃              |                      [31;1m^[0m
┃          1266|           type.merge loc defsFinal
┃ 
┃        … from call site
┃          [34;1mat [35;1m/nix/store/0d1kf07ph2ply64i1y247f9q2an9cw00-source/lib/modules.nix:1265:27[0m:
┃          1264|             checkedAndMerged.value
┃          1265|         else if all (def: type.check def.value) defsFinal then
┃              |                           [31;1m^[0m
┃          1266|           type.merge loc defsFinal
┃ 
┃        … while calling [35;1m'check'[0m
┃          [34;1mat [35;1m/nix/store/0d1kf07ph2ply64i1y247f9q2an9cw00-source/lib/types.nix:715:11[0m:
┃           714|         check =
┃           715|           x:
┃              |           [31;1m^[0m
┃           716|           let
┃ 
┃        … in the right operand of the AND (&&) operator
┃          [34;1mat [35;1m/nix/store/0d1kf07ph2ply64i1y247f9q2an9cw00-source/lib/types.nix:732:11[0m:
┃           731|           && (inStore == null || inStore == isInStore)
┃           732|           && (absolute == null || absolute == isAbsolute);
┃              |           [31;1m^[0m
┃           733|       };
┃ 
┃        … in the right operand of the OR (||) operator
┃          [34;1mat [35;1m/nix/store/0d1kf07ph2ply64i1y247f9q2an9cw00-source/lib/types.nix:732:32[0m:
┃           731|           && (inStore == null || inStore == isInStore)
┃           732|           && (absolute == null || absolute == isAbsolute);
┃              |                                [31;1m^[0m
┃           733|       };
┃ 
┃        … while calling the '[35;1msubstring[0m' builtin
┃          [34;1mat [35;1m/nix/store/0d1kf07ph2ply64i1y247f9q2an9cw00-source/lib/types.nix:725:26[0m:
┃           724|             );
┃           725|             isAbsolute = builtins.substring 0 1 (toString x) == "/";
┃              |                          [31;1m^[0m
┃           726|             isExpectedType = (
┃ 
┃        … while calling the '[35;1mtoString[0m' builtin
┃          [34;1mat [35;1m/nix/store/0d1kf07ph2ply64i1y247f9q2an9cw00-source/lib/types.nix:725:50[0m:
┃           724|             );
┃           725|             isAbsolute = builtins.substring 0 1 (toString x) == "/";
┃              |                                                  [31;1m^[0m
┃           726|             isExpectedType = (
┃ 
┃        … while calling the '[35;1mgetAttr[0m' builtin
┃          [34;1mat [35;1m«nix-internal»/derivation-internal.nix:50:17[0m:
┃            49|     value = commonAttrs // {
┃            50|       outPath = builtins.getAttr outputName strict;
┃              |                 [31;1m^[0m
┃            51|       drvPath = strict.drvPath;
┃ 
┃        … while calling the '[35;1mderivationStrict[0m' builtin
┃          [34;1mat [35;1m«nix-internal»/derivation-internal.nix:37:12[0m:
┃            36|
┃            37|   strict = derivationStrict drvAttrs;
┃              |            [31;1m^[0m
┃            38|
┃ 
┃        … while evaluating derivation '[35;1mdbus-1[0m'
┃          whose name attribute is located at [35;1m/nix/store/0d1kf07ph2ply64i1y247f9q2an9cw00-source/pkgs/stdenv/generic/make-derivation.nix:541:11[0m
┃ 
┃        … while evaluating attribute '[35;1mserviceDirectories[0m' of derivation '[35;1mdbus-1[0m'
┃          [34;1mat [35;1m/nix/store/0d1kf07ph2ply64i1y247f9q2an9cw00-source/pkgs/by-name/ma/makeDBusConf/package.nix:19:13[0m:
┃            18|   {
┃            19|     inherit serviceDirectories suidHelper apparmor;
┃              |             [31;1m^[0m
┃            20|     preferLocalBuild = true;
┃ 
┃        … while calling [35;1manonymous lambda[0m
┃          [34;1mat [35;1m/nix/store/0d1kf07ph2ply64i1y247f9q2an9cw00-source/lib/types.nix:773:26[0m:
┃           772|             headError = checkDefsForError check loc defs;
┃           773|             value = map (x: x.optionalValue.value or x.mergedValue) evals;
┃              |                          [31;1m^[0m
┃           774|             valueMeta.list = map (v: v.checkedAndMerged.valueMeta) evals;
┃ 
┃        … while evaluating the attribute '[35;1moptionalValue.value[0m'
┃          [34;1mat [35;1m/nix/store/0d1kf07ph2ply64i1y247f9q2an9cw00-source/lib/modules.nix:1322:41[0m:
┃          1321|
┃          1322|     optionalValue = if isDefined then { value = mergedValue; } else { };
┃              |                                         [31;1m^[0m
┃          1323|   };
┃ 
┃        [35;1m(11 duplicate frames omitted)[0m
┃ 
┃        … while evaluating derivation '[35;1msystem-path[0m'
┃          whose name attribute is located at [35;1m/nix/store/0d1kf07ph2ply64i1y247f9q2an9cw00-source/pkgs/stdenv/generic/make-derivation.nix:541:11[0m
┃ 
┃        … while evaluating attribute '[35;1mpassAsFile[0m' of derivation '[35;1msystem-path[0m'
┃          [34;1mat [35;1m/nix/store/0d1kf07ph2ply64i1y247f9q2an9cw00-source/pkgs/build-support/trivial-builders/default.nix:81:9[0m:
┃            80|         inherit buildCommand name;
┃            81|         passAsFile = [ "buildCommand" ] ++ (derivationArgs.passAsFile or [ ]);
┃              |         [31;1m^[0m
┃            82|       }
┃ 
┃        … while evaluating the attribute '[35;1mpassAsFile[0m'
┃          [34;1mat [35;1m/nix/store/0d1kf07ph2ply64i1y247f9q2an9cw00-source/pkgs/build-support/buildenv/default.nix:116:9[0m:
┃           115|         # XXX: The size is somewhat arbitrary
┃           116|         passAsFile = if builtins.stringLength pkgs >= 128 * 1024 then [ "pkgs" ] else [ ];
┃              |         [31;1m^[0m
┃           117|       }
┃ 
┃        … while evaluating a branch condition
┃          [34;1mat [35;1m/nix/store/0d1kf07ph2ply64i1y247f9q2an9cw00-source/pkgs/build-support/buildenv/default.nix:116:22[0m:
┃           115|         # XXX: The size is somewhat arbitrary
┃           116|         passAsFile = if builtins.stringLength pkgs >= 128 * 1024 then [ "pkgs" ] else [ ];
┃              |                      [31;1m^[0m
┃           117|       }
┃ 
┃        … in the argument of the not operator
┃          [34;1mat [35;1m/nix/store/0d1kf07ph2ply64i1y247f9q2an9cw00-source/pkgs/build-support/buildenv/default.nix:116:52[0m:
┃           115|         # XXX: The size is somewhat arbitrary
┃           116|         passAsFile = if builtins.stringLength pkgs >= 128 * 1024 then [ "pkgs" ] else [ ];
┃              |                                                    [31;1m^[0m
┃           117|       }
┃ 
┃        … while calling the '[35;1mlessThan[0m' builtin
┃          [34;1mat [35;1m/nix/store/0d1kf07ph2ply64i1y247f9q2an9cw00-source/pkgs/build-support/buildenv/default.nix:116:52[0m:
┃           115|         # XXX: The size is somewhat arbitrary
┃           116|         passAsFile = if builtins.stringLength pkgs >= 128 * 1024 then [ "pkgs" ] else [ ];
┃              |                                                    [31;1m^[0m
┃           117|       }
┃ 
┃        … while calling the '[35;1mstringLength[0m' builtin
┃          [34;1mat [35;1m/nix/store/0d1kf07ph2ply64i1y247f9q2an9cw00-source/pkgs/build-support/buildenv/default.nix:116:25[0m:
┃           115|         # XXX: The size is somewhat arbitrary
┃           116|         passAsFile = if builtins.stringLength pkgs >= 128 * 1024 then [ "pkgs" ] else [ ];
┃              |                         [31;1m^[0m
┃           117|       }
┃ 
┃        … while calling the '[35;1mtoJSON[0m' builtin
┃          [34;1mat [35;1m/nix/store/0d1kf07ph2ply64i1y247f9q2an9cw00-source/pkgs/build-support/buildenv/default.nix:111:16[0m:
┃           110|         pathsToLinkJSON = builtins.toJSON pathsToLink;
┃           111|         pkgs = builtins.toJSON chosenOutputs;
┃              |                [31;1m^[0m
┃           112|         extraPathsFrom = lib.optional includeClosures (writeClosure pathsForClosure);
┃ 
┃        … while evaluating list element at index [35;1m46[0m
┃ 
┃        … while evaluating attribute '[35;1mpaths[0m'
┃          [34;1mat [35;1m/nix/store/0d1kf07ph2ply64i1y247f9q2an9cw00-source/pkgs/build-support/buildenv/default.nix:70:7[0m:
┃            69|     chosenOutputs = map (drv: {
┃            70|       paths =
┃              |       [31;1m^[0m
┃            71|         # First add the usual output(s): respect if user has chosen explicitly,
┃ 
┃        … while evaluating list element at index [35;1m0[0m
┃          [34;1mat [35;1m/nix/store/0d1kf07ph2ply64i1y247f9q2an9cw00-source/pkgs/build-support/buildenv/default.nix:70:7[0m:
┃            69|     chosenOutputs = map (drv: {
┃            70|       paths =
┃              |       [31;1m^[0m
┃            71|         # First add the usual output(s): respect if user has chosen explicitly,
┃ 
┃        … while calling the '[35;1mgetAttr[0m' builtin
┃          [34;1mat [35;1m«nix-internal»/derivation-internal.nix:50:17[0m:
┃            49|     value = commonAttrs // {
┃            50|       outPath = builtins.getAttr outputName strict;
┃              |                 [31;1m^[0m
┃            51|       drvPath = strict.drvPath;
┃ 
┃        … while calling the '[35;1mderivationStrict[0m' builtin
┃          [34;1mat [35;1m«nix-internal»/derivation-internal.nix:37:12[0m:
┃            36|
┃            37|   strict = derivationStrict drvAttrs;
┃              |            [31;1m^[0m
┃            38|
┃ 
┃        … while evaluating derivation '[35;1mheroic-2.20.1[0m'
┃          whose name attribute is located at [35;1m/nix/store/0d1kf07ph2ply64i1y247f9q2an9cw00-source/pkgs/stdenv/generic/make-derivation.nix:541:11[0m
┃ 
┃        … while evaluating attribute '[35;1mbuildCommand[0m' of derivation '[35;1mheroic-2.20.1[0m'
┃          [34;1mat [35;1m/nix/store/0d1kf07ph2ply64i1y247f9q2an9cw00-source/pkgs/build-support/trivial-builders/default.nix:80:17[0m:
┃            79|         enableParallelBuilding = true;
┃            80|         inherit buildCommand name;
┃              |                 [31;1m^[0m
┃            81|         passAsFile = [ "buildCommand" ] ++ (derivationArgs.passAsFile or [ ]);
┃ 
┃        … while calling the '[35;1mgetAttr[0m' builtin
┃          [34;1mat [35;1m«nix-internal»/derivation-internal.nix:50:17[0m:
┃            49|     value = commonAttrs // {
┃            50|       outPath = builtins.getAttr outputName strict;
┃              |                 [31;1m^[0m
┃            51|       drvPath = strict.drvPath;
┃ 
┃        … while calling the '[35;1mderivationStrict[0m' builtin
┃          [34;1mat [35;1m«nix-internal»/derivation-internal.nix:37:12[0m:
┃            36|
┃            37|   strict = derivationStrict drvAttrs;
┃              |            [31;1m^[0m
┃            38|
┃ 
┃        … while evaluating derivation '[35;1mheroic-2.20.1-bwrap[0m'
┃          whose name attribute is located at [35;1m/nix/store/0d1kf07ph2ply64i1y247f9q2an9cw00-source/pkgs/stdenv/generic/make-derivation.nix:541:11[0m
┃ 
┃        … while evaluating attribute '[35;1mtext[0m' of derivation '[35;1mheroic-2.20.1-bwrap[0m'
┃          [34;1mat [35;1m/nix/store/0d1kf07ph2ply64i1y247f9q2an9cw00-source/pkgs/build-support/trivial-builders/default.nix:128:13[0m:
┃           127|           inherit
┃           128|             text
┃              |             [31;1m^[0m
┃           129|             executable
┃ 
┃        … from call site
┃          [34;1mat [35;1m/nix/store/0d1kf07ph2ply64i1y247f9q2an9cw00-source/pkgs/build-support/build-fhsenv-bubblewrap/default.nix:326:43[0m:
┃           325|
┃           326|   bin = writeShellScript "${name}-bwrap" (bwrapCmd {
┃              |                                           [31;1m^[0m
┃           327|     initArgs = ''"$@"'';
┃ 
┃        … while calling [35;1m'bwrapCmd'[0m
┃          [34;1mat [35;1m/nix/store/0d1kf07ph2ply64i1y247f9q2an9cw00-source/pkgs/build-support/build-fhsenv-bubblewrap/default.nix:175:5[0m:
┃           174|   bwrapCmd =
┃           175|     {
┃              |     [31;1m^[0m
┃           176|       initArgs ? "",
┃ 
┃        … while calling the '[35;1mgetAttr[0m' builtin
┃          [34;1mat [35;1m«nix-internal»/derivation-internal.nix:50:17[0m:
┃            49|     value = commonAttrs // {
┃            50|       outPath = builtins.getAttr outputName strict;
┃              |                 [31;1m^[0m
┃            51|       drvPath = strict.drvPath;
┃ 
┃        … while calling the '[35;1mderivationStrict[0m' builtin
┃          [34;1mat [35;1m«nix-internal»/derivation-internal.nix:37:12[0m:
┃            36|
┃            37|   strict = derivationStrict drvAttrs;
┃              |            [31;1m^[0m
┃            38|
┃ 
┃        … while evaluating derivation '[35;1mheroic-2.20.1-fhsenv-rootfs[0m'
┃          whose name attribute is located at [35;1m/nix/store/0d1kf07ph2ply64i1y247f9q2an9cw00-source/pkgs/stdenv/generic/make-derivation.nix:541:11[0m
┃ 
┃        … while evaluating attribute '[35;1mexportReferencesGraph[0m' of derivation '[35;1mheroic-2.20.1-fhsenv-rootfs[0m'
┃          [34;1mat [35;1m/nix/store/0d1kf07ph2ply64i1y247f9q2an9cw00-source/pkgs/build-support/build-fhsenv-bubblewrap/buildFHSEnv.nix:223:9[0m:
┃           222|         __structuredAttrs = true;
┃           223|         exportReferencesGraph.graph = lib.concatMap (p: p.paths) allPaths;
┃              |         [31;1m^[0m
┃           224|         inherit
┃ 
┃        … while evaluating attribute '[35;1mgraph[0m'
┃          [34;1mat [35;1m/nix/store/0d1kf07ph2ply64i1y247f9q2an9cw00-source/pkgs/build-support/build-fhsenv-bubblewrap/buildFHSEnv.nix:223:9[0m:
┃           222|         __structuredAttrs = true;
┃           223|         exportReferencesGraph.graph = lib.concatMap (p: p.paths) allPaths;
┃              |         [31;1m^[0m
┃           224|         inherit
┃ 
┃        … while evaluating list element at index [35;1m61[0m
┃          [34;1mat [35;1m/nix/store/0d1kf07ph2ply64i1y247f9q2an9cw00-source/pkgs/build-support/build-fhsenv-bubblewrap/buildFHSEnv.nix:223:9[0m:
┃           222|         __structuredAttrs = true;
┃           223|         exportReferencesGraph.graph = lib.concatMap (p: p.paths) allPaths;
┃              |         [31;1m^[0m
┃           224|         inherit
┃ 
┃        … while calling the '[35;1mgetAttr[0m' builtin
┃          [34;1mat [35;1m«nix-internal»/derivation-internal.nix:50:17[0m:
┃            49|     value = commonAttrs // {
┃            50|       outPath = builtins.getAttr outputName strict;
┃              |                 [31;1m^[0m
┃            51|       drvPath = strict.drvPath;
┃ 
┃        … while calling the '[35;1mderivationStrict[0m' builtin
┃          [34;1mat [35;1m«nix-internal»/derivation-internal.nix:37:12[0m:
┃            36|
┃            37|   strict = derivationStrict drvAttrs;
┃              |            [31;1m^[0m
┃            38|
┃ 
┃        … while evaluating derivation '[35;1mglibc-multi-2.42-51[0m'
┃          whose name attribute is located at [35;1m/nix/store/0d1kf07ph2ply64i1y247f9q2an9cw00-source/pkgs/stdenv/generic/make-derivation.nix:541:11[0m
┃ 
┃        … while evaluating attribute '[35;1mbuildCommand[0m' of derivation '[35;1mglibc-multi-2.42-51[0m'
┃          [34;1mat [35;1m/nix/store/0d1kf07ph2ply64i1y247f9q2an9cw00-source/pkgs/build-support/trivial-builders/default.nix:80:17[0m:
┃            79|         enableParallelBuilding = true;
┃            80|         inherit buildCommand name;
┃              |                 [31;1m^[0m
┃            81|         passAsFile = [ "buildCommand" ] ++ (derivationArgs.passAsFile or [ ]);
┃ 
┃        … while calling the '[35;1mthrow[0m' builtin
┃          [34;1mat [35;1m/nix/store/0d1kf07ph2ply64i1y247f9q2an9cw00-source/pkgs/top-level/stage.nix:257:9[0m:
┃           256|       else
┃           257|         throw "i686 Linux package set can only be used with the x86 family.";
┃              |         [31;1m^[0m
┃           258|
┃ 
┃        [31;1merror:[0m i686 Linux package set can only be used with the x86 family.[0m
┣━━━                                                            
┗━ ∑ [1m[31m⚠ Exited with 1 errors reported by nix at 13:11:45 after 8s[0m[0m[?2026l[?25h
Error: 
   0: [91mFailed to build configuration[0m
   1: [91mCommand exited with status Exited(1)[0m

Location:
   [35msrc/commands.rs[0m:[35m880[0m
